馃殌 Starting API Workflow & Data Consistency Tests...

--- Phase 1: Visitor (Public) Flow ---
鉁?1.1 Visitor can read public articles 
   -> Got 1 articles
鉁?1.2 Visitor is blocked from reading unapproved companies 
   -> Access successfully denied (403)

--- Phase 2: Supplier A (Enterprise) Flow ---
   [INFO] Simulating Supplier Registration...
鉂?Phase 2 Error 
   -> Invalid foreign key.
   [DEBUG] If this failed, check Directus Permissions or Data Schema.

--- Phase 3: Demander B Flow & Security Checks ---
鉂?Phase 3 Error 
   -> You don't have permission to access collection "companies" or it does not exist. Queried in root.
   [DEBUG] If this failed, check Directus Permissions or Data Schema.

--- Phase 4: Admin Approval Flow ---
鉂?4.1 Admin sees pending applications 
   -> Found 0 pending apps
   [DEBUG] If this failed, check Directus Permissions or Data Schema.
鉂?Phase 4 Error 
   -> Key cannot be empty
   [DEBUG] If this failed, check Directus Permissions or Data Schema.

--- Phase 5: Data Consistency & Final Verification ---
鉂?Phase 5 Error 
   -> Invalid query. You can't filter for an empty string in "_eq". Use "_empty" or "_nempty" instead.
   [DEBUG] If this failed, check Directus Permissions or Data Schema.

=========================================
馃搳 API Test Data Coverage Summary:
Passed: 2 / 7
鈿狅笍 SOME TESTS FAILED. Please review the errors above.
=========================================
